<?xml version="1.0" encoding="UTF-8"?>
<GAEB>
  <GAEBInfo>
    <Date>2018-08-14</Date>
  </GAEBInfo>
  <Award>
    <AwardInfo>
      <CnstEnd>2018-08-27</CnstEnd>
      <Cur>0000-00-00</Cur>
    </AwardInfo>
  </Award>
</GAEB>
