<?xml version="1.0" encoding="UTF-8"?>
<GAEB>
  <GAEBInfo>
    <Certific>Available</Certific>
  </GAEBInfo>
  <PrjInfo></PrjInfo>
  <Award></Award>
</GAEB>

