<?xml version="1.0" encoding="UTF-8"?>
<GAEB>
  <GAEBInfo>
    <Version>3.1</Version>
  </GAEBInfo>
</GAEB>