<?xml version="1.0" encoding="UTF-8"?>
<Author Gender="Male">
  <Email>writer@example.com</Email>
  <Name>John Doe</Name>
</Author>