<?xml version="1.0" encoding="UTF-8"?>
<Commit AuthorEmail="writer@example.com">38762cf7f55934b34d179ae6a4c80cadccbb7f0a</Commit>

